KassArrayEC: лог изменений

New version:
- Скорректирован перечень разрешений и метод контроля разрешений приложения

Версия 8.3.5:
• Windows: применена обновлённая разметка GitHub для номеров версий;
• Android: добавлен контроль версии IOP;
• Android: исправлен вид логотипа на заставке приложения;
• Android: скорректировано поведение интерфейсов при повороте экрана в новых версиях Android;
• Android: скорректировано расположение некоторых кнопок в новых версиях Android

Версия 8.3.1:
• Удалена поддержка устаревших версий для списка отслеживаемых ККТ

Версия 8.3:
• Обновлены пакеты поддержки .NET

Версия 8.2.1:
• Android: скорректирована высота кнопок в списке ККТ;
• Обновлены пакеты поддержки .NET

Версия 8.2:
• Обновлён состав инструментов KassArray

Версия 8.1.5:
• Windows: обновлён протокол взаимодействия с библиотекой KassArrayDB и получения реквизитов из ФН

Версия 8.1.3:
• Windows: реализована возможность хранения внешнего файла-списка ККТ, общего для нескольких рабочих
  мест. В настройках может быть задан сетевой или общедоступный путь, к которому можно привязать все
  необходимые рабочие места. Обновление списка происходит при запуске программы или через меню.
  Внесение данных и синхронизацию при этом следует согласовывать вручную;
• Windows: добавлены обработки дополнительных вариантов применения файла-списка, включая ручное объединение;
• Обновлены пакеты поддержки .NET

Версия 8.1.1:
• Обновлены внутренние сборки приложения

Версия 8.1:
• Android: реализовано извлечение номеров телефонов для быстрого набора. Для работы функции
  номер телефона должен начинаться с 8 или +7 и иметь длину в 11 цифр (для стационарных
  телефонов потребуется указание кода города);
• Удвоен размер поля ввода контактных данных владельца

Версия 8.0.8:
• Обновлён список опознаваемых моделей ККТ

Версия 8.0.7:
• Android: добавлена поддержка новой версии хранилища;
• Обновлены пакеты поддержки .NET

Версия 8.0.6:
• Windows: дополнена проверка версии общей библиотеки перед запуском приложения;
• Windows: увеличен размер поля описания ККТ

Версия 8.0.5:
• Windows: в тестовом режиме реализовано хранение расчётных сроков жизни ФН и тарифов ОФД
  (количества дней, обозначенных в качестве срока жизни при активации) для автоматического
  определения даты активации; оба значения допускают отключение хранения;

Версия 8.0.4:
• Windows: обновлён метод запроса журнала изменений;
• Android: добавлены подсказки к настройкам приложения

Версия 8.0.3:
• Windows: скорректирована обработка событий вызова приложения из KassArrayHC и из системы

Версия 8.0.2:
• Android: приложение теперь использует полное имя сборки в своём описании

Версия 8.0.1:
• Windows: жёсткая связка версий сборок заменена контролем версии протокола библиотеки;
• Android: обновлены сборки .NET;
• Android: обновлено оффлайн-руководство

Версия 8.0:
• Выполнено отделение от общего репозитория KassArray;
• Windows: исправлены некоторые проблемы с импортом / экспортом данных о ККТ:
  ошибка импорта при пустом списке, ошибка экспорта по владельцу, ошибка экспорта
  настроек при наличии исключённых владельцев
